<html>
<body>
<pre>
<h1>µVision Build Log</h1>
<h2>Tool Versions:</h2>
IDE-Version: µVision V5.23.0.0
Copyright (C) 2017 ARM Ltd and ARM Germany GmbH. All rights reserved.
License Information: Lars Kowoll, HAW Hamburg, LIC=----
 
Tool Versions:
Toolchain:       MDK-Lite  Version: 5.23
Toolchain Path:  C:\Keil_v5\ARM\ARMCC\Bin
C Compiler:      Armcc.exe V5.06 update 4 (build 422)
Assembler:       Armasm.exe V5.06 update 4 (build 422)
Linker/Locator:  ArmLink.exe V5.06 update 4 (build 422)
Library Manager: ArmAr.exe V5.06 update 4 (build 422)
Hex Converter:   FromElf.exe V5.06 update 4 (build 422)
CPU DLL:         SARMCM3.DLL V5.23
Dialog DLL:      DARMSTM.DLL V1.68.0.0
Target DLL:      UL2CM3.DLL V1.159.7.0
Dialog DLL:      TARMSTM.DLL V1.66.0.0
 
<h2>Project:</h2>
C:\TI_Labor\Keil\rpn\rpn.uvproj
Project File Date:  10/21/2018

<h2>Output:</h2>
*** Using Compiler 'V5.06 update 4 (build 422)', folder: 'C:\Keil_v5\ARM\ARMCC\Bin'
Rebuild target 'Simulation'
compiling assert.c...
compiling keypad.c...
compiling tft.c...
compiling timer.c...
compiling TI_Lib.c...
assembling startup_stm32f10x_md.s...
compiling Retarget.c...
compiling Getline.c...
compiling system_stm32f10x.c...
compiling Serial.c...
compiling SIM_Board_IO.c...
compiling main.c...
compiling stack.c...
stack.c(85): warning:  #940-D: missing return statement at end of non-void function "getObersterEintrag" 
  }
stack.c(115): warning:  #1-D: last line of file ends without a newline
  // EOF
stack.c: 2 warnings, 0 errors
compiling rpn.c...
compiling input.c...
input.c(7): warning:  #1295-D: Deprecated declaration zeichenEinlesen - give arg types
  char zeichenEinlesen();
input.c: 1 warning, 0 errors
compiling output.c...
linking...
Program Size: Code=6510 RO-data=326 RW-data=48 ZI-data=37624  
".\Objects\rpn.axf" - 0 Error(s), 3 Warning(s).
Build Time Elapsed:  00:00:02
</pre>
</body>
</html>
